\BOOKMARK [0][-]{chapter*.1}{\376\377\000P\000e\000r\000m\000i\000s\000s\000i\000o\000n\000\040\000t\000o\000\040\000U\000s\000e}{}% 1
\BOOKMARK [0][-]{chapter*.2}{\376\377\000A\000c\000k\000n\000o\000w\000l\000e\000d\000g\000e\000m\000e\000n\000t\000s}{}% 2
\BOOKMARK [0][-]{chapter*.3}{\376\377\000A\000b\000s\000t\000r\000a\000c\000t}{}% 3
\BOOKMARK [0][-]{section*.5}{\376\377\000L\000i\000s\000t\000\040\000o\000f\000\040\000F\000i\000g\000u\000r\000e\000s}{}% 4
\BOOKMARK [0][-]{section*.7}{\376\377\000L\000i\000s\000t\000\040\000o\000f\000\040\000T\000a\000b\000l\000e\000s}{}% 5
\BOOKMARK [0][-]{chapter*.9}{\376\377\000I\000n\000t\000r\000o\000d\000u\000c\000t\000i\000o\000n}{}% 6
\BOOKMARK [1][-]{section*.10}{\376\377\000B\000a\000c\000k\000g\000r\000o\000u\000n\000d}{chapter*.9}% 7
\BOOKMARK [2][-]{subsection*.11}{\376\377\000T\000h\000e\000\040\000L\000a\000n\000d\000s\000c\000a\000p\000e\000\040\000o\000f\000\040\000C\000a\000r\000e\000\040\000C\000o\000o\000r\000d\000i\000n\000a\000t\000i\000o\000n\000\040\000a\000n\000d\000\040\000C\000o\000m\000m\000u\000n\000i\000t\000y\000\040\000R\000e\000s\000o\000u\000r\000c\000e\000s}{section*.10}% 8
\BOOKMARK [2][-]{subsection*.12}{\376\377\000T\000h\000e\000\040\000F\000r\000a\000g\000i\000l\000i\000t\000y\000\040\000o\000f\000\040\000M\000a\000n\000u\000a\000l\000\040\000D\000i\000r\000e\000c\000t\000o\000r\000i\000e\000s}{section*.10}% 9
\BOOKMARK [2][-]{subsection*.13}{\376\377\000A\000u\000t\000o\000m\000a\000t\000e\000d\000\040\000E\000x\000t\000r\000a\000c\000t\000i\000o\000n\000\040\000a\000n\000d\000\040\000G\000e\000n\000e\000r\000a\000t\000i\000v\000e\000\040\000C\000o\000n\000v\000e\000r\000g\000e\000n\000c\000e}{section*.10}% 10
\BOOKMARK [2][-]{subsection*.14}{\376\377\000T\000h\000e\000\040\000S\000o\000c\000i\000o\000-\000T\000e\000c\000h\000n\000i\000c\000a\000l\000\040\000C\000h\000a\000l\000l\000e\000n\000g\000e\000\040\000o\000f\000\040\000D\000a\000t\000a\000\040\000M\000a\000i\000n\000t\000e\000n\000a\000n\000c\000e}{section*.10}% 11
\BOOKMARK [1][-]{section*.15}{\376\377\000R\000e\000s\000e\000a\000r\000c\000h\000\040\000G\000a\000p\000s\000\040\000a\000n\000d\000\040\000T\000h\000e\000s\000i\000s\000\040\000R\000e\000s\000p\000o\000n\000s\000e}{chapter*.9}% 12
\BOOKMARK [1][-]{section*.16}{\376\377\000R\000e\000s\000e\000a\000r\000c\000h\000\040\000O\000b\000j\000e\000c\000t\000i\000v\000e\000s}{chapter*.9}% 13
\BOOKMARK [1][-]{section*.22}{\376\377\000O\000r\000g\000a\000n\000i\000z\000a\000t\000i\000o\000n\000\040\000o\000f\000\040\000t\000h\000e\000\040\000T\000h\000e\000s\000i\000s}{chapter*.9}% 14
\BOOKMARK [0][-]{chapter*.23}{\376\377\000L\000i\000t\000e\000r\000a\000t\000u\000r\000e\000\040\000R\000e\000v\000i\000e\000w}{}% 15
\BOOKMARK [1][-]{section*.24}{\376\377\000I\000n\000t\000r\000o\000d\000u\000c\000t\000i\000o\000n}{chapter*.23}% 16
\BOOKMARK [1][-]{section*.25}{\376\377\000A\000u\000t\000o\000n\000o\000m\000o\000u\000s\000\040\000W\000e\000b\000\040\000N\000a\000v\000i\000g\000a\000t\000i\000o\000n\000\040\000a\000n\000d\000\040\000G\000e\000n\000e\000r\000a\000t\000i\000v\000e\000\040\000C\000o\000n\000v\000e\000r\000g\000e\000n\000c\000e}{chapter*.23}% 17
\BOOKMARK [2][-]{subsection*.26}{\376\377\000S\000i\000n\000g\000l\000e\000-\000L\000o\000o\000p\000\040\000a\000n\000d\000\040\000E\000n\000v\000i\000r\000o\000n\000m\000e\000n\000t\000-\000G\000r\000o\000u\000n\000d\000e\000d\000\040\000A\000g\000e\000n\000t\000s}{section*.25}% 18
\BOOKMARK [2][-]{subsection*.27}{\376\377\000T\000o\000o\000l\000-\000A\000u\000g\000m\000e\000n\000t\000e\000d\000\040\000a\000n\000d\000\040\000R\000e\000a\000s\000o\000n\000i\000n\000g\000\040\000F\000r\000a\000m\000e\000w\000o\000r\000k\000s}{section*.25}% 19
\BOOKMARK [2][-]{subsection*.28}{\376\377\000M\000u\000l\000t\000i\000-\000A\000g\000e\000n\000t\000\040\000S\000y\000s\000t\000e\000m\000s\000\040\000a\000n\000d\000\040\000t\000h\000e\000\040\000'\000'\000S\000E\000O\000\040\000T\000r\000a\000p\000'\000'}{section*.25}% 20
\BOOKMARK [1][-]{section*.31}{\376\377\000I\000n\000f\000o\000r\000m\000a\000t\000i\000o\000n\000\040\000E\000x\000t\000r\000a\000c\000t\000i\000o\000n\000\040\000f\000r\000o\000m\000\040\000U\000n\000s\000t\000r\000u\000c\000t\000u\000r\000e\000d\000\040\000D\000a\000t\000a}{chapter*.23}% 21
\BOOKMARK [2][-]{subsection*.32}{\376\377\000L\000L\000M\000s\000\040\000a\000s\000\040\000Z\000e\000r\000o\000-\000S\000h\000o\000t\000\040\000S\000e\000m\000a\000n\000t\000i\000c\000\040\000E\000x\000t\000r\000a\000c\000t\000o\000r\000s}{section*.31}% 22
\BOOKMARK [2][-]{subsection*.33}{\376\377\000G\000r\000o\000u\000n\000d\000i\000n\000g\000\040\000a\000n\000d\000\040\000F\000a\000c\000t\000u\000a\000l\000i\000t\000y\000\040\000i\000n\000\040\000E\000x\000t\000r\000a\000c\000t\000i\000o\000n}{section*.31}% 23
\BOOKMARK [0][-]{chapter*.34}{\376\377\000A\000n\000\040\000A\000g\000e\000n\000t\000i\000c\000\040\000R\000e\000s\000e\000a\000r\000c\000h\000\040\000S\000y\000s\000t\000e\000m\000\040\000f\000o\000r\000\040\000L\000o\000n\000g\000-\000T\000a\000i\000l\000\040\000H\000e\000a\000l\000t\000h\000c\000a\000r\000e\000\040\000R\000e\000s\000o\000u\000r\000c\000e\000\040\000D\000i\000s\000c\000o\000v\000e\000r\000y}{}% 24
\BOOKMARK [1][-]{section*.35}{\376\377\000I\000n\000t\000r\000o\000d\000u\000c\000t\000i\000o\000n}{chapter*.34}% 25
\BOOKMARK [1][-]{section*.36}{\376\377\000R\000e\000l\000a\000t\000e\000d\000\040\000W\000o\000r\000k\000s}{chapter*.34}% 26
\BOOKMARK [2][-]{subsection*.37}{\376\377\000A\000u\000t\000o\000n\000o\000m\000o\000u\000s\000\040\000W\000e\000b\000\040\000S\000c\000r\000a\000p\000i\000n\000g\000\040\000a\000n\000d\000\040\000L\000L\000M\000\040\000A\000g\000e\000n\000t\000s}{section*.36}% 27
\BOOKMARK [2][-]{subsection*.38}{\376\377\000H\000e\000a\000l\000t\000h\000c\000a\000r\000e\000\040\000I\000n\000f\000o\000r\000m\000a\000t\000i\000o\000n\000\040\000E\000x\000t\000r\000a\000c\000t\000i\000o\000n}{section*.36}% 28
\BOOKMARK [2][-]{subsection*.39}{\376\377\000S\000m\000a\000l\000l\000\040\000L\000a\000n\000g\000u\000a\000g\000e\000\040\000M\000o\000d\000e\000l\000s\000\040\000a\000n\000d\000\040\000t\000h\000e\000\040\000S\000c\000o\000p\000e\000\040\000o\000f\000\040\000T\000h\000i\000s\000\040\000S\000t\000u\000d\000y}{section*.36}% 29
\BOOKMARK [2][-]{subsection*.40}{\376\377\000E\000n\000t\000i\000t\000y\000\040\000R\000e\000s\000o\000l\000u\000t\000i\000o\000n\000\040\000a\000n\000d\000\040\000D\000e\000d\000u\000p\000l\000i\000c\000a\000t\000i\000o\000n}{section*.36}% 30
\BOOKMARK [1][-]{section*.41}{\376\377\000M\000e\000t\000h\000o\000d\000o\000l\000o\000g\000y}{chapter*.34}% 31
\BOOKMARK [2][-]{subsection*.44}{\376\377\000D\000i\000s\000c\000o\000v\000e\000r\000y\000\040\000P\000i\000p\000e\000l\000i\000n\000e}{section*.41}% 32
\BOOKMARK [2][-]{subsection*.58}{\376\377\000A\000g\000e\000n\000t\000\040\000V\000e\000r\000i\000f\000i\000c\000a\000t\000i\000o\000n\000\040\000P\000i\000p\000e\000l\000i\000n\000e}{section*.41}% 33
\BOOKMARK [1][-]{section*.59}{\376\377\000E\000x\000p\000e\000r\000i\000m\000e\000n\000t\000s\000\040\000a\000n\000d\000\040\000E\000v\000a\000l\000u\000a\000t\000i\000o\000n}{chapter*.34}% 34
\BOOKMARK [2][-]{subsection*.60}{\376\377\000E\000x\000p\000e\000r\000i\000m\000e\000n\000t\000a\000l\000\040\000D\000e\000s\000i\000g\000n\000\040\000a\000n\000d\000\040\000D\000a\000t\000a\000s\000e\000t\000s}{section*.59}% 35
\BOOKMARK [2][-]{subsection*.61}{\376\377\000E\000v\000a\000l\000u\000a\000t\000i\000o\000n\000\040\000M\000e\000t\000r\000i\000c\000s}{section*.59}% 36
\BOOKMARK [2][-]{subsection*.62}{\376\377\000E\000x\000t\000e\000n\000d\000e\000d\000\040\000G\000r\000o\000u\000n\000d\000\040\000T\000r\000u\000t\000h\000\040\000V\000e\000r\000i\000f\000i\000c\000a\000t\000i\000o\000n\000\040\000P\000r\000o\000t\000o\000c\000o\000l}{section*.59}% 37
\BOOKMARK [2][-]{subsection*.66}{\376\377\000R\000e\000s\000u\000l\000t\000s\000\040\000a\000n\000d\000\040\000D\000i\000s\000c\000u\000s\000s\000i\000o\000n}{section*.59}% 38
\BOOKMARK [2][-]{subsection*.77}{\376\377\000C\000o\000m\000p\000a\000r\000a\000t\000i\000v\000e\000\040\000E\000v\000a\000l\000u\000a\000t\000i\000o\000n\000\040\000A\000g\000a\000i\000n\000s\000t\000\040\000C\000o\000m\000m\000e\000r\000c\000i\000a\000l\000\040\000L\000L\000M\000s}{section*.59}% 39
\BOOKMARK [2][-]{subsection*.84}{\376\377\000E\000v\000a\000l\000u\000a\000t\000i\000o\000n\000\040\000o\000f\000\040\000M\000u\000l\000t\000i\000-\000A\000g\000e\000n\000t\000\040\000S\000y\000s\000t\000e\000m\000s\000\040\000\050\000M\000A\000S\000\051\000\040\000o\000n\000\040\000t\000h\000e\000\040\000O\000p\000e\000n\000\040\000W\000e\000b}{section*.59}% 40
\BOOKMARK [1][-]{section*.91}{\376\377\000L\000i\000m\000i\000t\000a\000t\000i\000o\000n\000s\000\040\000a\000n\000d\000\040\000F\000u\000t\000u\000r\000e\000\040\000W\000o\000r\000k}{chapter*.34}% 41
\BOOKMARK [1][-]{section*.92}{\376\377\000C\000o\000n\000c\000l\000u\000s\000i\000o\000n}{chapter*.34}% 42
\BOOKMARK [0][-]{chapter*.93}{\376\377\000P\000a\000t\000h\000w\000a\000y\000s\000\040\000-\000\040\000A\000n\000\040\000I\000n\000t\000e\000r\000a\000c\000t\000i\000v\000e\000\040\000S\000e\000r\000v\000i\000c\000e\000-\000S\000e\000a\000r\000c\000h\000\040\000a\000n\000d\000\040\000D\000i\000r\000e\000c\000t\000o\000r\000y\000-\000M\000a\000i\000n\000t\000e\000n\000a\000n\000c\000e\000\040\000T\000o\000o\000l}{}% 43
\BOOKMARK [1][-]{section*.94}{\376\377\000I\000n\000t\000r\000o\000d\000u\000c\000t\000i\000o\000n}{chapter*.93}% 44
\BOOKMARK [1][-]{section*.95}{\376\377\000R\000e\000l\000a\000t\000e\000d\000\040\000W\000o\000r\000k\000s}{chapter*.93}% 45
\BOOKMARK [2][-]{subsection*.96}{\376\377\000S\000o\000c\000i\000o\000t\000e\000c\000h\000n\000i\000c\000a\000l\000\040\000C\000o\000l\000l\000a\000b\000o\000r\000a\000t\000i\000o\000n\000\040\000a\000n\000d\000\040\000T\000r\000u\000s\000t\000\040\000i\000n\000\040\000C\000l\000i\000n\000i\000c\000a\000l\000\040\000A\000I}{section*.95}% 46
\BOOKMARK [2][-]{subsection*.97}{\376\377\000D\000a\000t\000a\000\040\000P\000r\000o\000v\000e\000n\000a\000n\000c\000e\000\040\000a\000n\000d\000\040\000E\000v\000e\000n\000t\000-\000S\000o\000u\000r\000c\000e\000d\000\040\000A\000r\000c\000h\000i\000t\000e\000c\000t\000u\000r\000e\000s}{section*.95}% 47
\BOOKMARK [1][-]{section*.98}{\376\377\000S\000y\000s\000t\000e\000m\000\040\000A\000r\000c\000h\000i\000t\000e\000c\000t\000u\000r\000e\000\040\000a\000n\000d\000\040\000D\000a\000t\000a\000\040\000M\000o\000d\000e\000l}{chapter*.93}% 48
\BOOKMARK [2][-]{subsection*.101}{\376\377\000T\000h\000e\000\040\000T\000h\000r\000e\000e\000-\000L\000a\000y\000e\000r\000\040\000A\000r\000c\000h\000i\000t\000e\000c\000t\000u\000r\000e}{section*.98}% 49
\BOOKMARK [1][-]{section*.102}{\376\377\000T\000h\000e\000\040\000C\000o\000n\000t\000i\000n\000u\000o\000u\000s\000\040\000M\000a\000i\000n\000t\000e\000n\000a\000n\000c\000e\000\040\000F\000l\000y\000w\000h\000e\000e\000l}{chapter*.93}% 50
\BOOKMARK [2][-]{subsection*.103}{\376\377\000P\000h\000a\000s\000e\000\040\0001\000:\000\040\000F\000i\000n\000d\000\040\000\050\000S\000e\000a\000r\000c\000h\000\040\000a\000n\000d\000\040\000R\000a\000n\000k\000\051}{section*.102}% 51
\BOOKMARK [2][-]{subsection*.110}{\376\377\000P\000h\000a\000s\000e\000\040\0002\000:\000\040\000V\000e\000r\000i\000f\000y\000\040\000\050\000F\000r\000i\000c\000t\000i\000o\000n\000l\000e\000s\000s\000\040\000V\000a\000l\000i\000d\000a\000t\000i\000o\000n\000\051}{section*.102}% 52
\BOOKMARK [2][-]{subsection*.113}{\376\377\000P\000h\000a\000s\000e\000\040\0003\000:\000\040\000A\000s\000k\000\040\000\050\000F\000l\000a\000g\000g\000i\000n\000g\000\040\000a\000n\000d\000\040\000A\000R\000S\000\040\000I\000n\000t\000e\000g\000r\000a\000t\000i\000o\000n\000\051}{section*.102}% 53
\BOOKMARK [2][-]{subsection*.116}{\376\377\000P\000h\000a\000s\000e\000\040\0004\000:\000\040\000C\000l\000o\000s\000e\000\040\000\050\000H\000u\000m\000a\000n\000-\000A\000I\000\040\000R\000e\000s\000o\000l\000u\000t\000i\000o\000n\000\051}{section*.102}% 54
\BOOKMARK [1][-]{section*.121}{\376\377\000V\000a\000l\000i\000d\000a\000t\000i\000o\000n\000\040\000M\000e\000t\000h\000o\000d\000o\000l\000o\000g\000y}{chapter*.93}% 55
\BOOKMARK [2][-]{subsection*.122}{\376\377\000S\000t\000u\000d\000y\000\040\0001\000:\000\040\000N\000a\000t\000u\000r\000a\000l\000-\000l\000a\000n\000g\000u\000a\000g\000e\000\040\000f\000i\000l\000t\000e\000r\000\040\000e\000x\000t\000r\000a\000c\000t\000i\000o\000n}{section*.121}% 56
\BOOKMARK [2][-]{subsection*.123}{\376\377\000S\000t\000u\000d\000y\000\040\0002\000:\000\040\000T\000a\000r\000g\000e\000t\000e\000d\000\040\000m\000i\000s\000s\000i\000n\000g\000-\000d\000a\000t\000a\000\040\000r\000e\000s\000t\000o\000r\000a\000t\000i\000o\000n}{section*.121}% 57
\BOOKMARK [2][-]{subsection*.124}{\376\377\000E\000v\000a\000l\000u\000a\000t\000i\000o\000n\000\040\000r\000e\000s\000u\000l\000t\000s}{section*.121}% 58
\BOOKMARK [0][-]{chapter*.150}{\376\377\000C\000o\000n\000c\000l\000u\000s\000i\000o\000n\000\040\000a\000n\000d\000\040\000F\000u\000t\000u\000r\000e\000\040\000W\000o\000r\000k}{}% 59
\BOOKMARK [1][-]{section*.151}{\376\377\000M\000a\000j\000o\000r\000\040\000C\000o\000n\000t\000r\000i\000b\000u\000t\000i\000o\000n\000s\000\040\000o\000f\000\040\000t\000h\000e\000\040\000T\000h\000e\000s\000i\000s}{chapter*.150}% 60
\BOOKMARK [1][-]{section*.152}{\376\377\000S\000u\000m\000m\000a\000r\000y\000\040\000o\000f\000\040\000C\000o\000n\000t\000r\000i\000b\000u\000t\000i\000o\000n\000s}{chapter*.150}% 61
\BOOKMARK [1][-]{section*.153}{\376\377\000I\000m\000p\000l\000i\000c\000a\000t\000i\000o\000n\000s\000\040\000f\000o\000r\000\040\000H\000e\000a\000l\000t\000h\000\040\000I\000n\000f\000o\000r\000m\000a\000t\000i\000c\000s}{chapter*.150}% 62
\BOOKMARK [1][-]{section*.154}{\376\377\000S\000y\000s\000t\000e\000m\000\040\000L\000i\000m\000i\000t\000a\000t\000i\000o\000n\000s}{chapter*.150}% 63
\BOOKMARK [1][-]{section*.155}{\376\377\000F\000u\000t\000u\000r\000e\000\040\000W\000o\000r\000k}{chapter*.150}% 64
\BOOKMARK [2][-]{subsection*.156}{\376\377\000M\000u\000l\000t\000i\000m\000o\000d\000a\000l\000\040\000D\000i\000s\000c\000o\000v\000e\000r\000y\000\040\000P\000i\000p\000e\000l\000i\000n\000e\000s}{section*.155}% 65
\BOOKMARK [2][-]{subsection*.157}{\376\377\000E\000H\000R\000\040\000I\000n\000t\000e\000g\000r\000a\000t\000i\000o\000n\000\040\000v\000i\000a\000\040\000S\000M\000A\000R\000T\000\040\000o\000n\000\040\000F\000H\000I\000R}{section*.155}% 66
\BOOKMARK [2][-]{subsection*.158}{\376\377\000L\000o\000n\000g\000i\000t\000u\000d\000i\000n\000a\000l\000\040\000C\000l\000i\000n\000i\000c\000a\000l\000\040\000T\000r\000i\000a\000l\000s}{section*.155}% 67
\BOOKMARK [1][-]{section*.159}{\376\377\000C\000o\000n\000c\000l\000u\000s\000i\000o\000n}{chapter*.150}% 68
\BOOKMARK [1][-]{section*.159}{\376\377\000R\000e\000f\000e\000r\000e\000n\000c\000e\000s}{chapter*.150}% 69
